// Vitest Snapshot v1, https://vitest.dev/guide/snapshot.html

exports[`determinism golden run (§22.13) > a scripted run under a fixed seed produces a stable event stream 1`] = `
[
  {
    "entity": "hero",
    "from": 21,
    "to": 22,
    "type": "moved",
  },
  {
    "cell": 21,
    "entity": "hero",
    "levelId": "L",
    "type": "entity:exited",
  },
  {
    "cell": 22,
    "entity": "hero",
    "levelId": "L",
    "type": "entity:entered",
  },
  {
    "entity": "hero",
    "from": 22,
    "to": 23,
    "type": "moved",
  },
  {
    "cell": 22,
    "entity": "hero",
    "levelId": "L",
    "type": "entity:exited",
  },
  {
    "cell": 23,
    "entity": "hero",
    "levelId": "L",
    "type": "entity:entered",
  },
  {
    "entity": "hero",
    "from": 23,
    "to": 24,
    "type": "moved",
  },
  {
    "cell": 23,
    "entity": "hero",
    "levelId": "L",
    "type": "entity:exited",
  },
  {
    "cell": 24,
    "entity": "hero",
    "levelId": "L",
    "type": "entity:entered",
  },
  {
    "entity": "hero",
    "from": 24,
    "to": 25,
    "type": "moved",
  },
  {
    "cell": 24,
    "entity": "hero",
    "levelId": "L",
    "type": "entity:exited",
  },
  {
    "cell": 25,
    "entity": "hero",
    "levelId": "L",
    "type": "entity:entered",
  },
  {
    "cell": 26,
    "entity": "hero",
    "target": "goblin",
    "type": "bumped",
  },
  {
    "cell": 26,
    "entity": "hero",
    "target": "goblin",
    "type": "bumped",
  },
  {
    "cause": "damage",
    "deficit": 2,
    "entity": "goblin",
    "resourceId": "hp",
    "type": "resource:underflow",
  },
  {
    "entity": "goblin",
    "type": "died",
  },
  {
    "cell": 26,
    "entity": "hero",
    "target": "goblin",
    "type": "bumped",
  },
  {
    "cause": "damage",
    "deficit": 7,
    "entity": "goblin",
    "resourceId": "hp",
    "type": "resource:underflow",
  },
  {
    "cell": 26,
    "entity": "hero",
    "target": "goblin",
    "type": "bumped",
  },
  {
    "cause": "damage",
    "deficit": 5,
    "entity": "goblin",
    "resourceId": "hp",
    "type": "resource:underflow",
  },
]
`;
